TARGETS                                                     HITS
/page2.html                                                 2
/page3.html                                                 1
/image.jpg                                                  1