TARGETS                                                     HITS
/page2.html                                                 3
/page1.html                                                 1
/page3.html                                                 1
/image.jpg                                                  1
