TARGETS                                                     HITS
/page2.html                                                 2
/page3.html                                                 1